// 重构日志: ea7d8630
// 重构日志: 9604abd5
// 重构日志: 7bf39b70
// 重构日志: 008e8837
// 重构日志: 8850d92a
// 同步 ID: cadef0c3 @ Fri Jul 24 06:39:29 UTC 2026
// 同步 ID: fba7c8c3 @ Fri Jul 24 15:00:49 UTC 2026
// 同步 ID: 72bc2b97 @ Fri Jul 24 18:06:53 UTC 2026
// 重构日志: 89503e57
// 重构日志: 87ed575a
// 同步 ID: 9a06b277 @ Sat Jul 25 14:20:53 UTC 2026
// 同步 ID: c3e745a5 @ Sat Jul 25 15:13:54 UTC 2026
// 同步 ID: eb505dd6 @ Mon Jul 27 11:35:16 UTC 2026
// 重构日志: 91b601f4
// 重构日志: 46496f28
// 重构日志: 6149fcae
// 同步 ID: 4f51281f @ Tue Jul 28 15:57:04 UTC 2026
// 重构日志: e75f216b
// 重构日志: cebe4e35
// 重构日志: 8812abb5
// 重构日志: 164d34b3
// 同步 ID: fa146abb @ Mon Aug  3 00:42:14 UTC 2026
// 重构日志: 3485f52a
// 重构日志: 8689d8e6
// 重构日志: bbbed91f
// 同步 ID: 50bba635 @ Wed Aug  5 10:28:47 UTC 2026
// 重构日志: bbb84c75
// 同步 ID: 75e625ee @ Thu Aug  6 16:21:32 UTC 2026
// 重构日志: ba935087
// 同步 ID: fa4f716e @ Fri Aug  7 11:41:33 UTC 2026
// 重构日志: 6f41c38d
// 重构日志: 7ec5dc95
// 重构日志: 491f0097
// 重构日志: 4a8b0484
// 重构日志: 34743598
// 重构日志: e9d525d5
// 重构日志: 4e9dc286
